// Vitest Snapshot v1, https://vitest.dev/guide/snapshot.html

exports[`asd 1`] = `
{
  "Accept": "text/css,*/*;q=0.1",
  "Accept-Language": "zh-CN,zh;q=0.9",
  "Connection": "keep-alive",
  "If-Modified-Since": "Fri, 08 Mar 2024 06:04:31 GMT",
  "If-None-Match": "W/\\"1782-1709877871954\\"",
  "Referer": "http://localhost:5000/",
  "Sec-Fetch-Dest": "style",
  "Sec-Fetch-Mode": "no-cors",
  "Sec-Fetch-Site": "same-origin",
  "User-Agent": "Mozilla/5.0 (Macintosh; Intel Mac OS X 10_15_7) AppleWebKit/537.36 (KHTML, like Gecko) Chrome/122.0.0.0 Safari/537.36",
  "method": "GET",
  "queryString": "[]",
  "sec-ch-ua": "\\"Chromium\\";v=\\"122\\", \\"Not(A:Brand\\";v=\\"24\\", \\"Google Chrome\\";v=\\"122\\"",
  "sec-ch-ua-mobile": "?0",
  "sec-ch-ua-platform": "\\"macOS\\"",
  "url": "http://localhost:5000/assets/style-4b9bfc02.css",
}
`;
